// Jest Snapshot v1, https://goo.gl/fbAQLP

exports[`footer snapshot 1`] = `
.c0 {
  padding: 16px;
  text-align: center;
  background-color: #dddfe4;
}

<header
  class="c0"
>
  2024
   - All Rights Reserved
</header>
`;
