// Jest Snapshot v1, https://goo.gl/fbAQLP

exports[`input search snapshot 1`] = `
.c0 {
  margin-bottom: 16px;
}

.c0 >div {
  outline: 1px solid #babec9;
  display: flex;
  align-items: center;
}

.c0 >div >input {
  height: 30px;
  border: none;
  width: calc(100% - 16px);
}

.c0 >div >input:focus {
  outline: none;
}

.c0 >label {
  display: block;
  font-size: 0.875rem;
  margin-bottom: 4px;
}

<div
  class="c0"
>
  <label
    for="search"
  >
    search
  </label>
  <div>
    <input
      id="search"
      name="search"
      type="text"
    />
    <svg
      color="#babec9"
      fill="currentColor"
      height="1em"
      stroke="currentColor"
      stroke-width="0"
      style="color: rgb(186, 190, 201);"
      viewBox="0 0 24 24"
      width="1em"
      xmlns="http://www.w3.org/2000/svg"
    >
      <path
        d="M0 0h24v24H0z"
        fill="none"
      />
      <path
        d="M15.5 14h-.79l-.28-.27A6.471 6.471 0 0 0 16 9.5 6.5 6.5 0 1 0 9.5 16c1.61 0 3.09-.59 4.23-1.57l.27.28v.79l5 4.99L20.49 19l-4.99-5zm-6 0C7.01 14 5 11.99 5 9.5S7.01 5 9.5 5 14 7.01 14 9.5 11.99 14 9.5 14z"
      />
    </svg>
  </div>
</div>
`;
